#0 building with "default" instance using docker driver

#1 [internal] load build definition from Dockerfile.multistage
#1 transferring dockerfile: 703B done
#1 DONE 0.0s

#2 [internal] load metadata for docker.io/library/python:3.10
#2 ...

#3 [internal] load metadata for docker.io/library/python:3.10-slim
#3 ...

#2 [internal] load metadata for docker.io/library/python:3.10
#2 DONE 22.0s

#3 [internal] load metadata for docker.io/library/python:3.10-slim
#3 DONE 22.0s

#4 [internal] load .dockerignore
#4 transferring context: 2B done
#4 DONE 0.0s

#5 [internal] load build context
#5 transferring context: 177B done
#5 DONE 0.0s

#6 [stage-1 1/5] FROM docker.io/library/python:3.10-slim@sha256:fd76ade0c607f27677bc04be3c60749f400eedc941d9e72967e19a4cedff80c2
#6 resolve docker.io/library/python:3.10-slim@sha256:fd76ade0c607f27677bc04be3c60749f400eedc941d9e72967e19a4cedff80c2 0.1s done
#6 DONE 0.1s

#7 [builder 1/7] FROM docker.io/library/python:3.10@sha256:70c9cc6756056ca7e438a3198af44b7791a958438594a0b5348603c77763d312
#7 resolve docker.io/library/python:3.10@sha256:70c9cc6756056ca7e438a3198af44b7791a958438594a0b5348603c77763d312 0.1s done
#7 DONE 0.1s

#8 [builder 2/7] WORKDIR /build
#8 CACHED

#9 [builder 3/7] COPY requirements.txt requirements-train.txt ./
#9 CACHED

#10 [builder 4/7] RUN pip install --no-cache-dir --target=/build/deps -r requirements.txt
#10 CACHED

#11 [builder 5/7] RUN pip install --no-cache-dir -r requirements.txt -r requirements-train.txt
#11 CACHED

#12 [builder 6/7] COPY generate_dataset.py train_model.py ./
#12 DONE 0.1s

#13 [builder 7/7] RUN python generate_dataset.py  && python train_model.py
#13 2.864 accuracy: 1.0000
#13 2.864               precision    recall  f1-score   support
#13 2.864 
#13 2.864          ham       1.00      1.00      1.00       140
#13 2.864         spam       1.00      1.00      1.00        60
#13 2.864 
#13 2.864     accuracy                           1.00       200
#13 2.864    macro avg       1.00      1.00      1.00       200
#13 2.864 weighted avg       1.00      1.00      1.00       200
#13 2.864 
#13 2.864 saved pipeline : model.joblib
#13 DONE 3.1s

#14 [stage-1 2/5] WORKDIR /app
#14 CACHED

#15 [stage-1 3/5] COPY --from=builder /build/deps /usr/local/lib/python3.10/site-packages
#15 CACHED

#16 [stage-1 4/5] COPY --from=builder /build/model.joblib ./model.joblib
#16 DONE 0.1s

#17 [stage-1 5/5] COPY app.py ./
#17 DONE 0.1s

#18 exporting to image
#18 exporting layers
#18 exporting layers 0.2s done
#18 exporting manifest sha256:65729115ee67952dfe1f5f66cf81293878021a928e9b9b118d3bcff15deae698 0.0s done
#18 exporting config sha256:b6adcebfc7304e66929a05ee69a9e693b2c5d4adae719d41a200fc843a2d64e8 0.0s done
#18 exporting attestation manifest sha256:e3448ad5d033e4100c66b09967f46b85af6e9525a2936a42cfbcabec67c2713b 0.0s done
#18 exporting manifest list sha256:cc5e62a5c5cda84bbb64cb6bb28c65a727c0a1f138fe35b500a8f6e622f30270 0.0s done
#18 naming to docker.io/library/spam-api:v1
#18 naming to docker.io/library/spam-api:v1 done
#18 unpacking to docker.io/library/spam-api:v1
#18 unpacking to docker.io/library/spam-api:v1 3.2s done
#18 DONE 3.6s
